               6 File(s)          1,334 bytes
               6 File(s)          1,334 bytes
