Total Words: 10508
Length, Count, Percentage
1, 716, 6.81%
2, 1916, 18.23%
3, 1868, 17.78%
4, 1348, 12.83%
5, 1112, 10.58%
6, 804, 7.65%
7, 728, 6.93%
8, 672, 6.40%
9, 480, 4.57%
10, 348, 3.31%
11, 260, 2.47%
12, 132, 1.26%
13, 68, 0.65%
14, 28, 0.27%
15, 12, 0.11%
17, 4, 0.04%
18, 4, 0.04%
19, 4, 0.04%
20, 4, 0.04%
