Total Words: 2627
Length, Count, Percentage
1, 179, 6.81%
2, 479, 18.23%
3, 467, 17.78%
4, 337, 12.83%
5, 278, 10.58%
6, 201, 7.65%
7, 182, 6.93%
8, 168, 6.40%
9, 120, 4.57%
10, 87, 3.31%
11, 65, 2.47%
12, 33, 1.26%
13, 17, 0.65%
14, 7, 0.27%
15, 3, 0.11%
17, 1, 0.04%
18, 1, 0.04%
19, 1, 0.04%
20, 1, 0.04%
