Total Words: 834
Length, Count, Percentage
1, 88, 10.55%
2, 137, 16.43%
3, 114, 13.67%
4, 115, 13.79%
5, 100, 11.99%
6, 71, 8.51%
7, 60, 7.19%
8, 54, 6.47%
9, 42, 5.04%
10, 19, 2.28%
11, 15, 1.80%
12, 8, 0.96%
13, 5, 0.60%
14, 3, 0.36%
15, 1, 0.12%
17, 1, 0.12%
20, 1, 0.12%
