
Total Files Searched: 24

Total matches found: 144
