C:\test\testFiles\1_1.uss,36
C:\test\testFiles\1_2.uss,36
C:\test\testFiles\1_3.uss,36
C:\test\testFiles\1_4.uss,36
C:\test\testFiles\1_5.uss,36
C:\test\testFiles\1_6.uss,36
C:\test\testFiles\folder1\folder1_1\1_1.uss,36
C:\test\testFiles\folder1\folder1_1\1_2.uss,36
C:\test\testFiles\folder1\folder1_1\1_3.uss,36
C:\test\testFiles\folder1\folder1_1\1_4.uss,36
C:\test\testFiles\folder1\folder1_1\1_5.uss,36
C:\test\testFiles\folder1\folder1_1\1_6.uss,36
C:\test\testFiles\folder1\folder1_2\1_1.uss,36
C:\test\testFiles\folder1\folder1_2\1_2.uss,36
C:\test\testFiles\folder1\folder1_2\1_3.uss,36
C:\test\testFiles\folder1\folder1_2\1_4.uss,36
C:\test\testFiles\folder1\folder1_2\1_5.uss,36
C:\test\testFiles\folder1\folder1_2\1_6.uss,36
C:\test\testFiles\folder2\1_1.uss,36
C:\test\testFiles\folder2\1_2.uss,36
C:\test\testFiles\folder2\1_3.uss,36
C:\test\testFiles\folder2\1_4.uss,36
C:\test\testFiles\folder2\1_5.uss,36
C:\test\testFiles\folder2\1_6.uss,36

Total Files Searched: 24

Total matches found: 864
