
Total Files Searched: 6

Total matches found: 36
