
Total Files Searched: 7

Total matches found: 126
