C:\test\testFiles\1_1.txt,81,91,333-22-4444
C:\test\testFiles\1_1.txt,81,91,333-22-4444
C:\test\testFiles\1_1.txt,102,112,333-22-4444
C:\test\testFiles\1_1.txt,123,133,333-22-4444
C:\test\testFiles\1_1.txt,146,156,111-00-5555
C:\test\testFiles\1_1.txt,166,176,111-00-5555
C:\test\testFiles\1_1.txt,186,196,111-00-5555
C:\test\testFiles\1_1.txt,285,295,333-22-4444
C:\test\testFiles\1_1.txt,306,316,333-22-4444
C:\test\testFiles\1_1.txt,327,337,333-22-4444
C:\test\testFiles\1_1.txt,350,360,111-00-5555
C:\test\testFiles\1_1.txt,370,380,111-00-5555
C:\test\testFiles\1_1.txt,390,400,111-00-5555
C:\test\testFiles\1_1.txt,413,423,333-22-4444
C:\test\testFiles\1_1.txt,434,444,333-22-4444
C:\test\testFiles\1_1.txt,455,465,333-22-4444
C:\test\testFiles\1_1.txt,478,488,111-00-5555
C:\test\testFiles\1_1.txt,498,508,111-00-5555
C:\test\testFiles\1_1.txt,518,528,111-00-5555
C:\test\testFiles\1_1.txt,541,551,333-22-4444
C:\test\testFiles\1_1.txt,562,572,333-22-4444
C:\test\testFiles\1_1.txt,583,593,333-22-4444
C:\test\testFiles\1_1.txt,606,616,111-00-5555
C:\test\testFiles\1_1.txt,626,636,111-00-5555
C:\test\testFiles\1_1.txt,646,656,111-00-5555
C:\test\testFiles\1_1.txt,669,679,333-22-4444
C:\test\testFiles\1_1.txt,690,700,333-22-4444
C:\test\testFiles\1_1.txt,711,721,333-22-4444
C:\test\testFiles\1_1.txt,734,744,111-00-5555
C:\test\testFiles\1_1.txt,754,764,111-00-5555
C:\test\testFiles\1_1.txt,774,784,111-00-5555
C:\test\testFiles\1_1.txt,797,807,333-22-4444
C:\test\testFiles\1_1.txt,818,828,333-22-4444
C:\test\testFiles\1_1.txt,839,849,333-22-4444
C:\test\testFiles\1_1.txt,862,872,111-00-5555
C:\test\testFiles\1_1.txt,882,892,111-00-5555
C:\test\testFiles\1_1.txt,902,912,111-00-5555
C:\test\testFiles\1_2.txt,81,91,333-22-4444
C:\test\testFiles\1_2.txt,81,91,333-22-4444
C:\test\testFiles\1_2.txt,102,112,333-22-4444
C:\test\testFiles\1_2.txt,123,133,333-22-4444
C:\test\testFiles\1_2.txt,146,156,111-00-5555
C:\test\testFiles\1_2.txt,166,176,111-00-5555
C:\test\testFiles\1_2.txt,186,196,111-00-5555
C:\test\testFiles\1_2.txt,285,295,333-22-4444
C:\test\testFiles\1_2.txt,306,316,333-22-4444
C:\test\testFiles\1_2.txt,327,337,333-22-4444
C:\test\testFiles\1_2.txt,350,360,111-00-5555
C:\test\testFiles\1_2.txt,370,380,111-00-5555
C:\test\testFiles\1_2.txt,390,400,111-00-5555
C:\test\testFiles\1_2.txt,413,423,333-22-4444
C:\test\testFiles\1_2.txt,434,444,333-22-4444
C:\test\testFiles\1_2.txt,455,465,333-22-4444
C:\test\testFiles\1_2.txt,478,488,111-00-5555
C:\test\testFiles\1_2.txt,498,508,111-00-5555
C:\test\testFiles\1_2.txt,518,528,111-00-5555
C:\test\testFiles\1_2.txt,541,551,333-22-4444
C:\test\testFiles\1_2.txt,562,572,333-22-4444
C:\test\testFiles\1_2.txt,583,593,333-22-4444
C:\test\testFiles\1_2.txt,606,616,111-00-5555
C:\test\testFiles\1_2.txt,626,636,111-00-5555
C:\test\testFiles\1_2.txt,646,656,111-00-5555
C:\test\testFiles\1_2.txt,669,679,333-22-4444
C:\test\testFiles\1_2.txt,690,700,333-22-4444
C:\test\testFiles\1_2.txt,711,721,333-22-4444
C:\test\testFiles\1_2.txt,734,744,111-00-5555
C:\test\testFiles\1_2.txt,754,764,111-00-5555
C:\test\testFiles\1_2.txt,774,784,111-00-5555
C:\test\testFiles\1_2.txt,797,807,333-22-4444
C:\test\testFiles\1_2.txt,818,828,333-22-4444
C:\test\testFiles\1_2.txt,839,849,333-22-4444
C:\test\testFiles\1_2.txt,862,872,111-00-5555
C:\test\testFiles\1_2.txt,882,892,111-00-5555
C:\test\testFiles\1_2.txt,902,912,111-00-5555
C:\test\testFiles\1_3.txt,81,91,333-22-4444
C:\test\testFiles\1_3.txt,81,91,333-22-4444
C:\test\testFiles\1_3.txt,102,112,333-22-4444
C:\test\testFiles\1_3.txt,123,133,333-22-4444
C:\test\testFiles\1_3.txt,146,156,111-00-5555
C:\test\testFiles\1_3.txt,166,176,111-00-5555
C:\test\testFiles\1_3.txt,186,196,111-00-5555
C:\test\testFiles\1_3.txt,285,295,333-22-4444
C:\test\testFiles\1_3.txt,306,316,333-22-4444
C:\test\testFiles\1_3.txt,327,337,333-22-4444
C:\test\testFiles\1_3.txt,350,360,111-00-5555
C:\test\testFiles\1_3.txt,370,380,111-00-5555
C:\test\testFiles\1_3.txt,390,400,111-00-5555
C:\test\testFiles\1_3.txt,413,423,333-22-4444
C:\test\testFiles\1_3.txt,434,444,333-22-4444
C:\test\testFiles\1_3.txt,455,465,333-22-4444
C:\test\testFiles\1_3.txt,478,488,111-00-5555
C:\test\testFiles\1_3.txt,498,508,111-00-5555
C:\test\testFiles\1_3.txt,518,528,111-00-5555
C:\test\testFiles\1_3.txt,541,551,333-22-4444
C:\test\testFiles\1_3.txt,562,572,333-22-4444
C:\test\testFiles\1_3.txt,583,593,333-22-4444
C:\test\testFiles\1_3.txt,606,616,111-00-5555
C:\test\testFiles\1_3.txt,626,636,111-00-5555
C:\test\testFiles\1_3.txt,646,656,111-00-5555
C:\test\testFiles\1_3.txt,669,679,333-22-4444
C:\test\testFiles\1_3.txt,690,700,333-22-4444
C:\test\testFiles\1_3.txt,711,721,333-22-4444
C:\test\testFiles\1_3.txt,734,744,111-00-5555
C:\test\testFiles\1_3.txt,754,764,111-00-5555
C:\test\testFiles\1_3.txt,774,784,111-00-5555
C:\test\testFiles\1_3.txt,797,807,333-22-4444
C:\test\testFiles\1_3.txt,818,828,333-22-4444
C:\test\testFiles\1_3.txt,839,849,333-22-4444
C:\test\testFiles\1_3.txt,862,872,111-00-5555
C:\test\testFiles\1_3.txt,882,892,111-00-5555
C:\test\testFiles\1_3.txt,902,912,111-00-5555
C:\test\testFiles\1_4.txt,81,91,333-22-4444
C:\test\testFiles\1_4.txt,81,91,333-22-4444
C:\test\testFiles\1_4.txt,102,112,333-22-4444
C:\test\testFiles\1_4.txt,123,133,333-22-4444
C:\test\testFiles\1_4.txt,146,156,111-00-5555
C:\test\testFiles\1_4.txt,166,176,111-00-5555
C:\test\testFiles\1_4.txt,186,196,111-00-5555
C:\test\testFiles\1_4.txt,285,295,333-22-4444
C:\test\testFiles\1_4.txt,306,316,333-22-4444
C:\test\testFiles\1_4.txt,327,337,333-22-4444
C:\test\testFiles\1_4.txt,350,360,111-00-5555
C:\test\testFiles\1_4.txt,370,380,111-00-5555
C:\test\testFiles\1_4.txt,390,400,111-00-5555
C:\test\testFiles\1_4.txt,413,423,333-22-4444
C:\test\testFiles\1_4.txt,434,444,333-22-4444
C:\test\testFiles\1_4.txt,455,465,333-22-4444
C:\test\testFiles\1_4.txt,478,488,111-00-5555
C:\test\testFiles\1_4.txt,498,508,111-00-5555
C:\test\testFiles\1_4.txt,518,528,111-00-5555
C:\test\testFiles\1_4.txt,541,551,333-22-4444
C:\test\testFiles\1_4.txt,562,572,333-22-4444
C:\test\testFiles\1_4.txt,583,593,333-22-4444
C:\test\testFiles\1_4.txt,606,616,111-00-5555
C:\test\testFiles\1_4.txt,626,636,111-00-5555
C:\test\testFiles\1_4.txt,646,656,111-00-5555
C:\test\testFiles\1_4.txt,669,679,333-22-4444
C:\test\testFiles\1_4.txt,690,700,333-22-4444
C:\test\testFiles\1_4.txt,711,721,333-22-4444
C:\test\testFiles\1_4.txt,734,744,111-00-5555
C:\test\testFiles\1_4.txt,754,764,111-00-5555
C:\test\testFiles\1_4.txt,774,784,111-00-5555
C:\test\testFiles\1_4.txt,797,807,333-22-4444
C:\test\testFiles\1_4.txt,818,828,333-22-4444
C:\test\testFiles\1_4.txt,839,849,333-22-4444
C:\test\testFiles\1_4.txt,862,872,111-00-5555
C:\test\testFiles\1_4.txt,882,892,111-00-5555
C:\test\testFiles\1_4.txt,902,912,111-00-5555
C:\test\testFiles\1_5.txt,81,91,333-22-4444
C:\test\testFiles\1_5.txt,81,91,333-22-4444
C:\test\testFiles\1_5.txt,102,112,333-22-4444
C:\test\testFiles\1_5.txt,123,133,333-22-4444
C:\test\testFiles\1_5.txt,146,156,111-00-5555
C:\test\testFiles\1_5.txt,166,176,111-00-5555
C:\test\testFiles\1_5.txt,186,196,111-00-5555
C:\test\testFiles\1_5.txt,285,295,333-22-4444
C:\test\testFiles\1_5.txt,306,316,333-22-4444
C:\test\testFiles\1_5.txt,327,337,333-22-4444
C:\test\testFiles\1_5.txt,350,360,111-00-5555
C:\test\testFiles\1_5.txt,370,380,111-00-5555
C:\test\testFiles\1_5.txt,390,400,111-00-5555
C:\test\testFiles\1_5.txt,413,423,333-22-4444
C:\test\testFiles\1_5.txt,434,444,333-22-4444
C:\test\testFiles\1_5.txt,455,465,333-22-4444
C:\test\testFiles\1_5.txt,478,488,111-00-5555
C:\test\testFiles\1_5.txt,498,508,111-00-5555
C:\test\testFiles\1_5.txt,518,528,111-00-5555
C:\test\testFiles\1_5.txt,541,551,333-22-4444
C:\test\testFiles\1_5.txt,562,572,333-22-4444
C:\test\testFiles\1_5.txt,583,593,333-22-4444
C:\test\testFiles\1_5.txt,606,616,111-00-5555
C:\test\testFiles\1_5.txt,626,636,111-00-5555
C:\test\testFiles\1_5.txt,646,656,111-00-5555
C:\test\testFiles\1_5.txt,669,679,333-22-4444
C:\test\testFiles\1_5.txt,690,700,333-22-4444
C:\test\testFiles\1_5.txt,711,721,333-22-4444
C:\test\testFiles\1_5.txt,734,744,111-00-5555
C:\test\testFiles\1_5.txt,754,764,111-00-5555
C:\test\testFiles\1_5.txt,774,784,111-00-5555
C:\test\testFiles\1_5.txt,797,807,333-22-4444
C:\test\testFiles\1_5.txt,818,828,333-22-4444
C:\test\testFiles\1_5.txt,839,849,333-22-4444
C:\test\testFiles\1_5.txt,862,872,111-00-5555
C:\test\testFiles\1_5.txt,882,892,111-00-5555
C:\test\testFiles\1_5.txt,902,912,111-00-5555
C:\test\testFiles\1_6.txt,81,91,333-22-4444
C:\test\testFiles\1_6.txt,81,91,333-22-4444
C:\test\testFiles\1_6.txt,102,112,333-22-4444
C:\test\testFiles\1_6.txt,123,133,333-22-4444
C:\test\testFiles\1_6.txt,146,156,111-00-5555
C:\test\testFiles\1_6.txt,166,176,111-00-5555
C:\test\testFiles\1_6.txt,186,196,111-00-5555
C:\test\testFiles\1_6.txt,285,295,333-22-4444
C:\test\testFiles\1_6.txt,306,316,333-22-4444
C:\test\testFiles\1_6.txt,327,337,333-22-4444
C:\test\testFiles\1_6.txt,350,360,111-00-5555
C:\test\testFiles\1_6.txt,370,380,111-00-5555
C:\test\testFiles\1_6.txt,390,400,111-00-5555
C:\test\testFiles\1_6.txt,413,423,333-22-4444
C:\test\testFiles\1_6.txt,434,444,333-22-4444
C:\test\testFiles\1_6.txt,455,465,333-22-4444
C:\test\testFiles\1_6.txt,478,488,111-00-5555
C:\test\testFiles\1_6.txt,498,508,111-00-5555
C:\test\testFiles\1_6.txt,518,528,111-00-5555
C:\test\testFiles\1_6.txt,541,551,333-22-4444
C:\test\testFiles\1_6.txt,562,572,333-22-4444
C:\test\testFiles\1_6.txt,583,593,333-22-4444
C:\test\testFiles\1_6.txt,606,616,111-00-5555
C:\test\testFiles\1_6.txt,626,636,111-00-5555
C:\test\testFiles\1_6.txt,646,656,111-00-5555
C:\test\testFiles\1_6.txt,669,679,333-22-4444
C:\test\testFiles\1_6.txt,690,700,333-22-4444
C:\test\testFiles\1_6.txt,711,721,333-22-4444
C:\test\testFiles\1_6.txt,734,744,111-00-5555
C:\test\testFiles\1_6.txt,754,764,111-00-5555
C:\test\testFiles\1_6.txt,774,784,111-00-5555
C:\test\testFiles\1_6.txt,797,807,333-22-4444
C:\test\testFiles\1_6.txt,818,828,333-22-4444
C:\test\testFiles\1_6.txt,839,849,333-22-4444
C:\test\testFiles\1_6.txt,862,872,111-00-5555
C:\test\testFiles\1_6.txt,882,892,111-00-5555
C:\test\testFiles\1_6.txt,902,912,111-00-5555

Total Files Searched: 6

Total matches found: 216
