C:\test\testFiles\1_1.uss,73,79,social
C:\test\testFiles\1_1.uss,73,79,social
C:\test\testFiles\1_1.uss,277,283,social
C:\test\testFiles\1_1.uss,405,411,social
C:\test\testFiles\1_1.uss,533,539,social
C:\test\testFiles\1_1.uss,661,667,social
C:\test\testFiles\1_1.uss,789,795,social
C:\test\testFiles\1_2.uss,73,79,social
C:\test\testFiles\1_2.uss,73,79,social
C:\test\testFiles\1_2.uss,277,283,social
C:\test\testFiles\1_2.uss,405,411,social
C:\test\testFiles\1_2.uss,533,539,social
C:\test\testFiles\1_2.uss,661,667,social
C:\test\testFiles\1_2.uss,789,795,social
C:\test\testFiles\1_3.uss,73,79,social
C:\test\testFiles\1_3.uss,73,79,social
C:\test\testFiles\1_3.uss,277,283,social
C:\test\testFiles\1_3.uss,405,411,social
C:\test\testFiles\1_3.uss,533,539,social
C:\test\testFiles\1_3.uss,661,667,social
C:\test\testFiles\1_3.uss,789,795,social
C:\test\testFiles\1_4.uss,73,79,social
C:\test\testFiles\1_4.uss,73,79,social
C:\test\testFiles\1_4.uss,277,283,social
C:\test\testFiles\1_4.uss,405,411,social
C:\test\testFiles\1_4.uss,533,539,social
C:\test\testFiles\1_4.uss,661,667,social
C:\test\testFiles\1_4.uss,789,795,social
C:\test\testFiles\1_5.uss,73,79,social
C:\test\testFiles\1_5.uss,73,79,social
C:\test\testFiles\1_5.uss,277,283,social
C:\test\testFiles\1_5.uss,405,411,social
C:\test\testFiles\1_5.uss,533,539,social
C:\test\testFiles\1_5.uss,661,667,social
C:\test\testFiles\1_5.uss,789,795,social
C:\test\testFiles\1_6.uss,73,79,social
C:\test\testFiles\1_6.uss,73,79,social
C:\test\testFiles\1_6.uss,277,283,social
C:\test\testFiles\1_6.uss,405,411,social
C:\test\testFiles\1_6.uss,533,539,social
C:\test\testFiles\1_6.uss,661,667,social
C:\test\testFiles\1_6.uss,789,795,social

Total Files Searched: 6

Total matches found: 36
