C:\test\testFiles\1_1.txt,73,79,social
C:\test\testFiles\1_1.txt,73,79,social
C:\test\testFiles\1_1.txt,277,283,social
C:\test\testFiles\1_1.txt,405,411,social
C:\test\testFiles\1_1.txt,533,539,social
C:\test\testFiles\1_1.txt,661,667,social
C:\test\testFiles\1_1.txt,789,795,social

Total Files Searched: 1

Total matches found: 6
