C:\test\testFiles\1_1.uss,73,79,social
C:\test\testFiles\1_1.uss,73,79,social
C:\test\testFiles\1_1.uss,277,283,social
C:\test\testFiles\1_1.uss,405,411,social
C:\test\testFiles\1_1.uss,533,539,social
C:\test\testFiles\1_1.uss,661,667,social
C:\test\testFiles\1_1.uss,789,795,social
