C:\test\testFiles\1_1.txt,73,79,social
C:\test\testFiles\1_1.txt,73,79,social
C:\test\testFiles\1_1.txt,94,100,social
C:\test\testFiles\1_1.txt,115,121,social
C:\test\testFiles\1_1.txt,277,283,social
C:\test\testFiles\1_1.txt,298,304,social
C:\test\testFiles\1_1.txt,319,325,social
C:\test\testFiles\1_1.txt,405,411,social
C:\test\testFiles\1_1.txt,426,432,social
C:\test\testFiles\1_1.txt,447,453,social
C:\test\testFiles\1_1.txt,533,539,social
C:\test\testFiles\1_1.txt,554,560,social
C:\test\testFiles\1_1.txt,575,581,social
C:\test\testFiles\1_1.txt,661,667,social
C:\test\testFiles\1_1.txt,682,688,social
C:\test\testFiles\1_1.txt,703,709,social
C:\test\testFiles\1_1.txt,789,795,social
C:\test\testFiles\1_1.txt,810,816,social
C:\test\testFiles\1_1.txt,831,837,social
C:\test\testFiles\1_2.txt,73,79,social
C:\test\testFiles\1_2.txt,73,79,social
C:\test\testFiles\1_2.txt,94,100,social
C:\test\testFiles\1_2.txt,115,121,social
C:\test\testFiles\1_2.txt,277,283,social
C:\test\testFiles\1_2.txt,298,304,social
C:\test\testFiles\1_2.txt,319,325,social
C:\test\testFiles\1_2.txt,405,411,social
C:\test\testFiles\1_2.txt,426,432,social
C:\test\testFiles\1_2.txt,447,453,social
C:\test\testFiles\1_2.txt,533,539,social
C:\test\testFiles\1_2.txt,554,560,social
C:\test\testFiles\1_2.txt,575,581,social
C:\test\testFiles\1_2.txt,661,667,social
C:\test\testFiles\1_2.txt,682,688,social
C:\test\testFiles\1_2.txt,703,709,social
C:\test\testFiles\1_2.txt,789,795,social
C:\test\testFiles\1_2.txt,810,816,social
C:\test\testFiles\1_2.txt,831,837,social
C:\test\testFiles\1_3.txt,73,79,social
C:\test\testFiles\1_3.txt,73,79,social
C:\test\testFiles\1_3.txt,94,100,social
C:\test\testFiles\1_3.txt,115,121,social
C:\test\testFiles\1_3.txt,277,283,social
C:\test\testFiles\1_3.txt,298,304,social
C:\test\testFiles\1_3.txt,319,325,social
C:\test\testFiles\1_3.txt,405,411,social
C:\test\testFiles\1_3.txt,426,432,social
C:\test\testFiles\1_3.txt,447,453,social
C:\test\testFiles\1_3.txt,533,539,social
C:\test\testFiles\1_3.txt,554,560,social
C:\test\testFiles\1_3.txt,575,581,social
C:\test\testFiles\1_3.txt,661,667,social
C:\test\testFiles\1_3.txt,682,688,social
C:\test\testFiles\1_3.txt,703,709,social
C:\test\testFiles\1_3.txt,789,795,social
C:\test\testFiles\1_3.txt,810,816,social
C:\test\testFiles\1_3.txt,831,837,social
C:\test\testFiles\1_4.txt,73,79,social
C:\test\testFiles\1_4.txt,73,79,social
C:\test\testFiles\1_4.txt,94,100,social
C:\test\testFiles\1_4.txt,115,121,social
C:\test\testFiles\1_4.txt,277,283,social
C:\test\testFiles\1_4.txt,298,304,social
C:\test\testFiles\1_4.txt,319,325,social
C:\test\testFiles\1_4.txt,405,411,social
C:\test\testFiles\1_4.txt,426,432,social
C:\test\testFiles\1_4.txt,447,453,social
C:\test\testFiles\1_4.txt,533,539,social
C:\test\testFiles\1_4.txt,554,560,social
C:\test\testFiles\1_4.txt,575,581,social
C:\test\testFiles\1_4.txt,661,667,social
C:\test\testFiles\1_4.txt,682,688,social
C:\test\testFiles\1_4.txt,703,709,social
C:\test\testFiles\1_4.txt,789,795,social
C:\test\testFiles\1_4.txt,810,816,social
C:\test\testFiles\1_4.txt,831,837,social
C:\test\testFiles\1_5.txt,73,79,social
C:\test\testFiles\1_5.txt,73,79,social
C:\test\testFiles\1_5.txt,94,100,social
C:\test\testFiles\1_5.txt,115,121,social
C:\test\testFiles\1_5.txt,277,283,social
C:\test\testFiles\1_5.txt,298,304,social
C:\test\testFiles\1_5.txt,319,325,social
C:\test\testFiles\1_5.txt,405,411,social
C:\test\testFiles\1_5.txt,426,432,social
C:\test\testFiles\1_5.txt,447,453,social
C:\test\testFiles\1_5.txt,533,539,social
C:\test\testFiles\1_5.txt,554,560,social
C:\test\testFiles\1_5.txt,575,581,social
C:\test\testFiles\1_5.txt,661,667,social
C:\test\testFiles\1_5.txt,682,688,social
C:\test\testFiles\1_5.txt,703,709,social
C:\test\testFiles\1_5.txt,789,795,social
C:\test\testFiles\1_5.txt,810,816,social
C:\test\testFiles\1_5.txt,831,837,social
C:\test\testFiles\1_6.txt,73,79,social
C:\test\testFiles\1_6.txt,73,79,social
C:\test\testFiles\1_6.txt,94,100,social
C:\test\testFiles\1_6.txt,115,121,social
C:\test\testFiles\1_6.txt,277,283,social
C:\test\testFiles\1_6.txt,298,304,social
C:\test\testFiles\1_6.txt,319,325,social
C:\test\testFiles\1_6.txt,405,411,social
C:\test\testFiles\1_6.txt,426,432,social
C:\test\testFiles\1_6.txt,447,453,social
C:\test\testFiles\1_6.txt,533,539,social
C:\test\testFiles\1_6.txt,554,560,social
C:\test\testFiles\1_6.txt,575,581,social
C:\test\testFiles\1_6.txt,661,667,social
C:\test\testFiles\1_6.txt,682,688,social
C:\test\testFiles\1_6.txt,703,709,social
C:\test\testFiles\1_6.txt,789,795,social
C:\test\testFiles\1_6.txt,810,816,social
C:\test\testFiles\1_6.txt,831,837,social
