C:\test\testFiles\1_1.uss,73,79,social
C:\test\testFiles\1_1.uss,73,79,social
C:\test\testFiles\1_1.uss,94,100,social
C:\test\testFiles\1_1.uss,115,121,social
C:\test\testFiles\1_1.uss,277,283,social
C:\test\testFiles\1_1.uss,298,304,social
C:\test\testFiles\1_1.uss,319,325,social
C:\test\testFiles\1_1.uss,405,411,social
C:\test\testFiles\1_1.uss,426,432,social
C:\test\testFiles\1_1.uss,447,453,social
C:\test\testFiles\1_1.uss,533,539,social
C:\test\testFiles\1_1.uss,554,560,social
C:\test\testFiles\1_1.uss,575,581,social
C:\test\testFiles\1_1.uss,661,667,social
C:\test\testFiles\1_1.uss,682,688,social
C:\test\testFiles\1_1.uss,703,709,social
C:\test\testFiles\1_1.uss,789,795,social
C:\test\testFiles\1_1.uss,810,816,social
C:\test\testFiles\1_1.uss,831,837,social
C:\test\testFiles\1_2.uss,73,79,social
C:\test\testFiles\1_2.uss,73,79,social
C:\test\testFiles\1_2.uss,94,100,social
C:\test\testFiles\1_2.uss,115,121,social
C:\test\testFiles\1_2.uss,277,283,social
C:\test\testFiles\1_2.uss,298,304,social
C:\test\testFiles\1_2.uss,319,325,social
C:\test\testFiles\1_2.uss,405,411,social
C:\test\testFiles\1_2.uss,426,432,social
C:\test\testFiles\1_2.uss,447,453,social
C:\test\testFiles\1_2.uss,533,539,social
C:\test\testFiles\1_2.uss,554,560,social
C:\test\testFiles\1_2.uss,575,581,social
C:\test\testFiles\1_2.uss,661,667,social
C:\test\testFiles\1_2.uss,682,688,social
C:\test\testFiles\1_2.uss,703,709,social
C:\test\testFiles\1_2.uss,789,795,social
C:\test\testFiles\1_2.uss,810,816,social
C:\test\testFiles\1_2.uss,831,837,social
C:\test\testFiles\1_3.uss,73,79,social
C:\test\testFiles\1_3.uss,73,79,social
C:\test\testFiles\1_3.uss,94,100,social
C:\test\testFiles\1_3.uss,115,121,social
C:\test\testFiles\1_3.uss,277,283,social
C:\test\testFiles\1_3.uss,298,304,social
C:\test\testFiles\1_3.uss,319,325,social
C:\test\testFiles\1_3.uss,405,411,social
C:\test\testFiles\1_3.uss,426,432,social
C:\test\testFiles\1_3.uss,447,453,social
C:\test\testFiles\1_3.uss,533,539,social
C:\test\testFiles\1_3.uss,554,560,social
C:\test\testFiles\1_3.uss,575,581,social
C:\test\testFiles\1_3.uss,661,667,social
C:\test\testFiles\1_3.uss,682,688,social
C:\test\testFiles\1_3.uss,703,709,social
C:\test\testFiles\1_3.uss,789,795,social
C:\test\testFiles\1_3.uss,810,816,social
C:\test\testFiles\1_3.uss,831,837,social
C:\test\testFiles\1_4.uss,73,79,social
C:\test\testFiles\1_4.uss,73,79,social
C:\test\testFiles\1_4.uss,94,100,social
C:\test\testFiles\1_4.uss,115,121,social
C:\test\testFiles\1_4.uss,277,283,social
C:\test\testFiles\1_4.uss,298,304,social
C:\test\testFiles\1_4.uss,319,325,social
C:\test\testFiles\1_4.uss,405,411,social
C:\test\testFiles\1_4.uss,426,432,social
C:\test\testFiles\1_4.uss,447,453,social
C:\test\testFiles\1_4.uss,533,539,social
C:\test\testFiles\1_4.uss,554,560,social
C:\test\testFiles\1_4.uss,575,581,social
C:\test\testFiles\1_4.uss,661,667,social
C:\test\testFiles\1_4.uss,682,688,social
C:\test\testFiles\1_4.uss,703,709,social
C:\test\testFiles\1_4.uss,789,795,social
C:\test\testFiles\1_4.uss,810,816,social
C:\test\testFiles\1_4.uss,831,837,social
C:\test\testFiles\1_5.uss,73,79,social
C:\test\testFiles\1_5.uss,73,79,social
C:\test\testFiles\1_5.uss,94,100,social
C:\test\testFiles\1_5.uss,115,121,social
C:\test\testFiles\1_5.uss,277,283,social
C:\test\testFiles\1_5.uss,298,304,social
C:\test\testFiles\1_5.uss,319,325,social
C:\test\testFiles\1_5.uss,405,411,social
C:\test\testFiles\1_5.uss,426,432,social
C:\test\testFiles\1_5.uss,447,453,social
C:\test\testFiles\1_5.uss,533,539,social
C:\test\testFiles\1_5.uss,554,560,social
C:\test\testFiles\1_5.uss,575,581,social
C:\test\testFiles\1_5.uss,661,667,social
C:\test\testFiles\1_5.uss,682,688,social
C:\test\testFiles\1_5.uss,703,709,social
C:\test\testFiles\1_5.uss,789,795,social
C:\test\testFiles\1_5.uss,810,816,social
C:\test\testFiles\1_5.uss,831,837,social
C:\test\testFiles\1_6.uss,73,79,social
C:\test\testFiles\1_6.uss,73,79,social
C:\test\testFiles\1_6.uss,94,100,social
C:\test\testFiles\1_6.uss,115,121,social
C:\test\testFiles\1_6.uss,277,283,social
C:\test\testFiles\1_6.uss,298,304,social
C:\test\testFiles\1_6.uss,319,325,social
C:\test\testFiles\1_6.uss,405,411,social
C:\test\testFiles\1_6.uss,426,432,social
C:\test\testFiles\1_6.uss,447,453,social
C:\test\testFiles\1_6.uss,533,539,social
C:\test\testFiles\1_6.uss,554,560,social
C:\test\testFiles\1_6.uss,575,581,social
C:\test\testFiles\1_6.uss,661,667,social
C:\test\testFiles\1_6.uss,682,688,social
C:\test\testFiles\1_6.uss,703,709,social
C:\test\testFiles\1_6.uss,789,795,social
C:\test\testFiles\1_6.uss,810,816,social
C:\test\testFiles\1_6.uss,831,837,social
