C:\test\testFiles\1_1.uss,81,91,333-22-4444
C:\test\testFiles\1_1.uss,81,91,333-22-4444
C:\test\testFiles\1_1.uss,102,112,333-22-4444
C:\test\testFiles\1_1.uss,123,133,333-22-4444
C:\test\testFiles\1_1.uss,146,156,111-00-5555
C:\test\testFiles\1_1.uss,166,176,111-00-5555
C:\test\testFiles\1_1.uss,186,196,111-00-5555
C:\test\testFiles\1_1.uss,285,295,333-22-4444
C:\test\testFiles\1_1.uss,306,316,333-22-4444
C:\test\testFiles\1_1.uss,327,337,333-22-4444
C:\test\testFiles\1_1.uss,350,360,111-00-5555
C:\test\testFiles\1_1.uss,370,380,111-00-5555
C:\test\testFiles\1_1.uss,390,400,111-00-5555
C:\test\testFiles\1_1.uss,413,423,333-22-4444
C:\test\testFiles\1_1.uss,434,444,333-22-4444
C:\test\testFiles\1_1.uss,455,465,333-22-4444
C:\test\testFiles\1_1.uss,478,488,111-00-5555
C:\test\testFiles\1_1.uss,498,508,111-00-5555
C:\test\testFiles\1_1.uss,518,528,111-00-5555
C:\test\testFiles\1_1.uss,541,551,333-22-4444
C:\test\testFiles\1_1.uss,562,572,333-22-4444
C:\test\testFiles\1_1.uss,583,593,333-22-4444
C:\test\testFiles\1_1.uss,606,616,111-00-5555
C:\test\testFiles\1_1.uss,626,636,111-00-5555
C:\test\testFiles\1_1.uss,646,656,111-00-5555
C:\test\testFiles\1_1.uss,669,679,333-22-4444
C:\test\testFiles\1_1.uss,690,700,333-22-4444
C:\test\testFiles\1_1.uss,711,721,333-22-4444
C:\test\testFiles\1_1.uss,734,744,111-00-5555
C:\test\testFiles\1_1.uss,754,764,111-00-5555
C:\test\testFiles\1_1.uss,774,784,111-00-5555
C:\test\testFiles\1_1.uss,797,807,333-22-4444
C:\test\testFiles\1_1.uss,818,828,333-22-4444
C:\test\testFiles\1_1.uss,839,849,333-22-4444
C:\test\testFiles\1_1.uss,862,872,111-00-5555
C:\test\testFiles\1_1.uss,882,892,111-00-5555
C:\test\testFiles\1_1.uss,902,912,111-00-5555
C:\test\testFiles\1_2.uss,81,91,333-22-4444
C:\test\testFiles\1_2.uss,81,91,333-22-4444
C:\test\testFiles\1_2.uss,102,112,333-22-4444
C:\test\testFiles\1_2.uss,123,133,333-22-4444
C:\test\testFiles\1_2.uss,146,156,111-00-5555
C:\test\testFiles\1_2.uss,166,176,111-00-5555
C:\test\testFiles\1_2.uss,186,196,111-00-5555
C:\test\testFiles\1_2.uss,285,295,333-22-4444
C:\test\testFiles\1_2.uss,306,316,333-22-4444
C:\test\testFiles\1_2.uss,327,337,333-22-4444
C:\test\testFiles\1_2.uss,350,360,111-00-5555
C:\test\testFiles\1_2.uss,370,380,111-00-5555
C:\test\testFiles\1_2.uss,390,400,111-00-5555
C:\test\testFiles\1_2.uss,413,423,333-22-4444
C:\test\testFiles\1_2.uss,434,444,333-22-4444
C:\test\testFiles\1_2.uss,455,465,333-22-4444
C:\test\testFiles\1_2.uss,478,488,111-00-5555
C:\test\testFiles\1_2.uss,498,508,111-00-5555
C:\test\testFiles\1_2.uss,518,528,111-00-5555
C:\test\testFiles\1_2.uss,541,551,333-22-4444
C:\test\testFiles\1_2.uss,562,572,333-22-4444
C:\test\testFiles\1_2.uss,583,593,333-22-4444
C:\test\testFiles\1_2.uss,606,616,111-00-5555
C:\test\testFiles\1_2.uss,626,636,111-00-5555
C:\test\testFiles\1_2.uss,646,656,111-00-5555
C:\test\testFiles\1_2.uss,669,679,333-22-4444
C:\test\testFiles\1_2.uss,690,700,333-22-4444
C:\test\testFiles\1_2.uss,711,721,333-22-4444
C:\test\testFiles\1_2.uss,734,744,111-00-5555
C:\test\testFiles\1_2.uss,754,764,111-00-5555
C:\test\testFiles\1_2.uss,774,784,111-00-5555
C:\test\testFiles\1_2.uss,797,807,333-22-4444
C:\test\testFiles\1_2.uss,818,828,333-22-4444
C:\test\testFiles\1_2.uss,839,849,333-22-4444
C:\test\testFiles\1_2.uss,862,872,111-00-5555
C:\test\testFiles\1_2.uss,882,892,111-00-5555
C:\test\testFiles\1_2.uss,902,912,111-00-5555
C:\test\testFiles\1_3.uss,81,91,333-22-4444
C:\test\testFiles\1_3.uss,81,91,333-22-4444
C:\test\testFiles\1_3.uss,102,112,333-22-4444
C:\test\testFiles\1_3.uss,123,133,333-22-4444
C:\test\testFiles\1_3.uss,146,156,111-00-5555
C:\test\testFiles\1_3.uss,166,176,111-00-5555
C:\test\testFiles\1_3.uss,186,196,111-00-5555
C:\test\testFiles\1_3.uss,285,295,333-22-4444
C:\test\testFiles\1_3.uss,306,316,333-22-4444
C:\test\testFiles\1_3.uss,327,337,333-22-4444
C:\test\testFiles\1_3.uss,350,360,111-00-5555
C:\test\testFiles\1_3.uss,370,380,111-00-5555
C:\test\testFiles\1_3.uss,390,400,111-00-5555
C:\test\testFiles\1_3.uss,413,423,333-22-4444
C:\test\testFiles\1_3.uss,434,444,333-22-4444
C:\test\testFiles\1_3.uss,455,465,333-22-4444
C:\test\testFiles\1_3.uss,478,488,111-00-5555
C:\test\testFiles\1_3.uss,498,508,111-00-5555
C:\test\testFiles\1_3.uss,518,528,111-00-5555
C:\test\testFiles\1_3.uss,541,551,333-22-4444
C:\test\testFiles\1_3.uss,562,572,333-22-4444
C:\test\testFiles\1_3.uss,583,593,333-22-4444
C:\test\testFiles\1_3.uss,606,616,111-00-5555
C:\test\testFiles\1_3.uss,626,636,111-00-5555
C:\test\testFiles\1_3.uss,646,656,111-00-5555
C:\test\testFiles\1_3.uss,669,679,333-22-4444
C:\test\testFiles\1_3.uss,690,700,333-22-4444
C:\test\testFiles\1_3.uss,711,721,333-22-4444
C:\test\testFiles\1_3.uss,734,744,111-00-5555
C:\test\testFiles\1_3.uss,754,764,111-00-5555
C:\test\testFiles\1_3.uss,774,784,111-00-5555
C:\test\testFiles\1_3.uss,797,807,333-22-4444
C:\test\testFiles\1_3.uss,818,828,333-22-4444
C:\test\testFiles\1_3.uss,839,849,333-22-4444
C:\test\testFiles\1_3.uss,862,872,111-00-5555
C:\test\testFiles\1_3.uss,882,892,111-00-5555
C:\test\testFiles\1_3.uss,902,912,111-00-5555
C:\test\testFiles\1_4.uss,81,91,333-22-4444
C:\test\testFiles\1_4.uss,81,91,333-22-4444
C:\test\testFiles\1_4.uss,102,112,333-22-4444
C:\test\testFiles\1_4.uss,123,133,333-22-4444
C:\test\testFiles\1_4.uss,146,156,111-00-5555
C:\test\testFiles\1_4.uss,166,176,111-00-5555
C:\test\testFiles\1_4.uss,186,196,111-00-5555
C:\test\testFiles\1_4.uss,285,295,333-22-4444
C:\test\testFiles\1_4.uss,306,316,333-22-4444
C:\test\testFiles\1_4.uss,327,337,333-22-4444
C:\test\testFiles\1_4.uss,350,360,111-00-5555
C:\test\testFiles\1_4.uss,370,380,111-00-5555
C:\test\testFiles\1_4.uss,390,400,111-00-5555
C:\test\testFiles\1_4.uss,413,423,333-22-4444
C:\test\testFiles\1_4.uss,434,444,333-22-4444
C:\test\testFiles\1_4.uss,455,465,333-22-4444
C:\test\testFiles\1_4.uss,478,488,111-00-5555
C:\test\testFiles\1_4.uss,498,508,111-00-5555
C:\test\testFiles\1_4.uss,518,528,111-00-5555
C:\test\testFiles\1_4.uss,541,551,333-22-4444
C:\test\testFiles\1_4.uss,562,572,333-22-4444
C:\test\testFiles\1_4.uss,583,593,333-22-4444
C:\test\testFiles\1_4.uss,606,616,111-00-5555
C:\test\testFiles\1_4.uss,626,636,111-00-5555
C:\test\testFiles\1_4.uss,646,656,111-00-5555
C:\test\testFiles\1_4.uss,669,679,333-22-4444
C:\test\testFiles\1_4.uss,690,700,333-22-4444
C:\test\testFiles\1_4.uss,711,721,333-22-4444
C:\test\testFiles\1_4.uss,734,744,111-00-5555
C:\test\testFiles\1_4.uss,754,764,111-00-5555
C:\test\testFiles\1_4.uss,774,784,111-00-5555
C:\test\testFiles\1_4.uss,797,807,333-22-4444
C:\test\testFiles\1_4.uss,818,828,333-22-4444
C:\test\testFiles\1_4.uss,839,849,333-22-4444
C:\test\testFiles\1_4.uss,862,872,111-00-5555
C:\test\testFiles\1_4.uss,882,892,111-00-5555
C:\test\testFiles\1_4.uss,902,912,111-00-5555
C:\test\testFiles\1_5.uss,81,91,333-22-4444
C:\test\testFiles\1_5.uss,81,91,333-22-4444
C:\test\testFiles\1_5.uss,102,112,333-22-4444
C:\test\testFiles\1_5.uss,123,133,333-22-4444
C:\test\testFiles\1_5.uss,146,156,111-00-5555
C:\test\testFiles\1_5.uss,166,176,111-00-5555
C:\test\testFiles\1_5.uss,186,196,111-00-5555
C:\test\testFiles\1_5.uss,285,295,333-22-4444
C:\test\testFiles\1_5.uss,306,316,333-22-4444
C:\test\testFiles\1_5.uss,327,337,333-22-4444
C:\test\testFiles\1_5.uss,350,360,111-00-5555
C:\test\testFiles\1_5.uss,370,380,111-00-5555
C:\test\testFiles\1_5.uss,390,400,111-00-5555
C:\test\testFiles\1_5.uss,413,423,333-22-4444
C:\test\testFiles\1_5.uss,434,444,333-22-4444
C:\test\testFiles\1_5.uss,455,465,333-22-4444
C:\test\testFiles\1_5.uss,478,488,111-00-5555
C:\test\testFiles\1_5.uss,498,508,111-00-5555
C:\test\testFiles\1_5.uss,518,528,111-00-5555
C:\test\testFiles\1_5.uss,541,551,333-22-4444
C:\test\testFiles\1_5.uss,562,572,333-22-4444
C:\test\testFiles\1_5.uss,583,593,333-22-4444
C:\test\testFiles\1_5.uss,606,616,111-00-5555
C:\test\testFiles\1_5.uss,626,636,111-00-5555
C:\test\testFiles\1_5.uss,646,656,111-00-5555
C:\test\testFiles\1_5.uss,669,679,333-22-4444
C:\test\testFiles\1_5.uss,690,700,333-22-4444
C:\test\testFiles\1_5.uss,711,721,333-22-4444
C:\test\testFiles\1_5.uss,734,744,111-00-5555
C:\test\testFiles\1_5.uss,754,764,111-00-5555
C:\test\testFiles\1_5.uss,774,784,111-00-5555
C:\test\testFiles\1_5.uss,797,807,333-22-4444
C:\test\testFiles\1_5.uss,818,828,333-22-4444
C:\test\testFiles\1_5.uss,839,849,333-22-4444
C:\test\testFiles\1_5.uss,862,872,111-00-5555
C:\test\testFiles\1_5.uss,882,892,111-00-5555
C:\test\testFiles\1_5.uss,902,912,111-00-5555
C:\test\testFiles\1_6.uss,81,91,333-22-4444
C:\test\testFiles\1_6.uss,81,91,333-22-4444
C:\test\testFiles\1_6.uss,102,112,333-22-4444
C:\test\testFiles\1_6.uss,123,133,333-22-4444
C:\test\testFiles\1_6.uss,146,156,111-00-5555
C:\test\testFiles\1_6.uss,166,176,111-00-5555
C:\test\testFiles\1_6.uss,186,196,111-00-5555
C:\test\testFiles\1_6.uss,285,295,333-22-4444
C:\test\testFiles\1_6.uss,306,316,333-22-4444
C:\test\testFiles\1_6.uss,327,337,333-22-4444
C:\test\testFiles\1_6.uss,350,360,111-00-5555
C:\test\testFiles\1_6.uss,370,380,111-00-5555
C:\test\testFiles\1_6.uss,390,400,111-00-5555
C:\test\testFiles\1_6.uss,413,423,333-22-4444
C:\test\testFiles\1_6.uss,434,444,333-22-4444
C:\test\testFiles\1_6.uss,455,465,333-22-4444
C:\test\testFiles\1_6.uss,478,488,111-00-5555
C:\test\testFiles\1_6.uss,498,508,111-00-5555
C:\test\testFiles\1_6.uss,518,528,111-00-5555
C:\test\testFiles\1_6.uss,541,551,333-22-4444
C:\test\testFiles\1_6.uss,562,572,333-22-4444
C:\test\testFiles\1_6.uss,583,593,333-22-4444
C:\test\testFiles\1_6.uss,606,616,111-00-5555
C:\test\testFiles\1_6.uss,626,636,111-00-5555
C:\test\testFiles\1_6.uss,646,656,111-00-5555
C:\test\testFiles\1_6.uss,669,679,333-22-4444
C:\test\testFiles\1_6.uss,690,700,333-22-4444
C:\test\testFiles\1_6.uss,711,721,333-22-4444
C:\test\testFiles\1_6.uss,734,744,111-00-5555
C:\test\testFiles\1_6.uss,754,764,111-00-5555
C:\test\testFiles\1_6.uss,774,784,111-00-5555
C:\test\testFiles\1_6.uss,797,807,333-22-4444
C:\test\testFiles\1_6.uss,818,828,333-22-4444
C:\test\testFiles\1_6.uss,839,849,333-22-4444
C:\test\testFiles\1_6.uss,862,872,111-00-5555
C:\test\testFiles\1_6.uss,882,892,111-00-5555
C:\test\testFiles\1_6.uss,902,912,111-00-5555
