C:\test\testFiles\1_1.txt,73,79,social
C:\test\testFiles\1_1.txt,73,79,social
C:\test\testFiles\1_1.txt,277,283,social
C:\test\testFiles\1_1.txt,405,411,social
C:\test\testFiles\1_1.txt,533,539,social
C:\test\testFiles\1_1.txt,661,667,social
C:\test\testFiles\1_1.txt,789,795,social
C:\test\testFiles\1_2.txt,73,79,social
C:\test\testFiles\1_2.txt,73,79,social
C:\test\testFiles\1_2.txt,277,283,social
C:\test\testFiles\1_2.txt,405,411,social
C:\test\testFiles\1_2.txt,533,539,social
C:\test\testFiles\1_2.txt,661,667,social
C:\test\testFiles\1_2.txt,789,795,social
C:\test\testFiles\1_3.txt,73,79,social
C:\test\testFiles\1_3.txt,73,79,social
C:\test\testFiles\1_3.txt,277,283,social
C:\test\testFiles\1_3.txt,405,411,social
C:\test\testFiles\1_3.txt,533,539,social
C:\test\testFiles\1_3.txt,661,667,social
C:\test\testFiles\1_3.txt,789,795,social
C:\test\testFiles\1_4.txt,73,79,social
C:\test\testFiles\1_4.txt,73,79,social
C:\test\testFiles\1_4.txt,277,283,social
C:\test\testFiles\1_4.txt,405,411,social
C:\test\testFiles\1_4.txt,533,539,social
C:\test\testFiles\1_4.txt,661,667,social
C:\test\testFiles\1_4.txt,789,795,social
C:\test\testFiles\1_5.txt,73,79,social
C:\test\testFiles\1_5.txt,73,79,social
C:\test\testFiles\1_5.txt,277,283,social
C:\test\testFiles\1_5.txt,405,411,social
C:\test\testFiles\1_5.txt,533,539,social
C:\test\testFiles\1_5.txt,661,667,social
C:\test\testFiles\1_5.txt,789,795,social
C:\test\testFiles\1_6.txt,73,79,social
C:\test\testFiles\1_6.txt,73,79,social
C:\test\testFiles\1_6.txt,277,283,social
C:\test\testFiles\1_6.txt,405,411,social
C:\test\testFiles\1_6.txt,533,539,social
C:\test\testFiles\1_6.txt,661,667,social
C:\test\testFiles\1_6.txt,789,795,social
