C:\test\testFiles\1_1.uss,73,79,social
C:\test\testFiles\1_1.uss,73,79,social
C:\test\testFiles\1_1.uss,94,100,social
C:\test\testFiles\1_1.uss,115,121,social
C:\test\testFiles\1_1.uss,277,283,social
C:\test\testFiles\1_1.uss,298,304,social
C:\test\testFiles\1_1.uss,319,325,social
C:\test\testFiles\1_1.uss,405,411,social
C:\test\testFiles\1_1.uss,426,432,social
C:\test\testFiles\1_1.uss,447,453,social
C:\test\testFiles\1_1.uss,533,539,social
C:\test\testFiles\1_1.uss,554,560,social
C:\test\testFiles\1_1.uss,575,581,social
C:\test\testFiles\1_1.uss,661,667,social
C:\test\testFiles\1_1.uss,682,688,social
C:\test\testFiles\1_1.uss,703,709,social
C:\test\testFiles\1_1.uss,789,795,social
C:\test\testFiles\1_1.uss,810,816,social
C:\test\testFiles\1_1.uss,831,837,social
