C:\test\testFiles\1_1.txt,81,91,333-22-4444
C:\test\testFiles\1_1.txt,81,91,333-22-4444
C:\test\testFiles\1_1.txt,102,112,333-22-4444
C:\test\testFiles\1_1.txt,123,133,333-22-4444
C:\test\testFiles\1_1.txt,146,156,111-00-5555
C:\test\testFiles\1_1.txt,166,176,111-00-5555
C:\test\testFiles\1_1.txt,186,196,111-00-5555
C:\test\testFiles\1_1.txt,285,295,333-22-4444
C:\test\testFiles\1_1.txt,306,316,333-22-4444
C:\test\testFiles\1_1.txt,327,337,333-22-4444
C:\test\testFiles\1_1.txt,350,360,111-00-5555
C:\test\testFiles\1_1.txt,370,380,111-00-5555
C:\test\testFiles\1_1.txt,390,400,111-00-5555
C:\test\testFiles\1_1.txt,413,423,333-22-4444
C:\test\testFiles\1_1.txt,434,444,333-22-4444
C:\test\testFiles\1_1.txt,455,465,333-22-4444
C:\test\testFiles\1_1.txt,478,488,111-00-5555
C:\test\testFiles\1_1.txt,498,508,111-00-5555
C:\test\testFiles\1_1.txt,518,528,111-00-5555
C:\test\testFiles\1_1.txt,541,551,333-22-4444
C:\test\testFiles\1_1.txt,562,572,333-22-4444
C:\test\testFiles\1_1.txt,583,593,333-22-4444
C:\test\testFiles\1_1.txt,606,616,111-00-5555
C:\test\testFiles\1_1.txt,626,636,111-00-5555
C:\test\testFiles\1_1.txt,646,656,111-00-5555
C:\test\testFiles\1_1.txt,669,679,333-22-4444
C:\test\testFiles\1_1.txt,690,700,333-22-4444
C:\test\testFiles\1_1.txt,711,721,333-22-4444
C:\test\testFiles\1_1.txt,734,744,111-00-5555
C:\test\testFiles\1_1.txt,754,764,111-00-5555
C:\test\testFiles\1_1.txt,774,784,111-00-5555
C:\test\testFiles\1_1.txt,797,807,333-22-4444
C:\test\testFiles\1_1.txt,818,828,333-22-4444
C:\test\testFiles\1_1.txt,839,849,333-22-4444
C:\test\testFiles\1_1.txt,862,872,111-00-5555
C:\test\testFiles\1_1.txt,882,892,111-00-5555
C:\test\testFiles\1_1.txt,902,912,111-00-5555
