<Attributes><Attribute Name="Test"><Value Spatial="0">Recording Requested By:</Value></Attribute><Attribute Name="Test"><Value Spatial="0">CTC Real Estate Services</Value></Attribute><Attribute Name="Test"><Value Spatial="0">176 Countrywide Way</Value></Attribute><Attribute Name="Test"><Value Spatial="0">MS: LAN-88</Value></Attribute><Attribute Name="Test"><Value Spatial="0">Lancaster, CA 93535-9944</Value></Attribute><Attribute Name="Test"><Value Spatial="0">(800) 540-2684</Value></Attribute><Attribute Name="Test"><Value Spatial="0">DOC 6560 VOL 2332 PG 197</Value></Attribute><Attribute Name="Test"><Value Spatial="0">When Recorded Return To:</Value></Attribute><Attribute Name="Test"><Value Spatial="0">M. PAUL PEACOCK, RENEE LYNCH PEACOCK</Value></Attribute><Attribute Name="Test"><Value Spatial="0">3600 APOLLO CT</Value></Attribute><Attribute Name="Test"><Value Spatial="0">MIDLAND, TX 79707</Value></Attribute><Attribute Name="Test"><Value Spatial="0">RELEASE OF LIEN</Value></Attribute><Attribute Name="Test"><Value Spatial="0">KNOWN ALL MEN BY THESE PRESENTS that for value received Countrywide Home Loans Inc (fka Countrywide Funding Corporation) of the</Value></Attribute></Attributes>
