<FlexData><Field FieldName="Test"><FullText AverageCharConfidence="96">Recording Requested By:</FullText><SpatialLine PageNumber="1"><LineText AverageCharConfidence="96">Recording Requested By:</LineText><SpatialLineZone StartX="219" StartY="119" EndX="448" EndY="121" Height="23"/><SpatialLineBounds Top="107" Left="218" Bottom="132" Right="448"/></SpatialLine></Field><Field FieldName="Test"><FullText AverageCharConfidence="98">CTC Real Estate Services</FullText><SpatialLine PageNumber="1"><LineText AverageCharConfidence="98">CTC Real Estate Services</LineText><SpatialLineZone StartX="218" StartY="143" EndX="450" EndY="145" Height="19"/><SpatialLineBounds Top="133" Left="217" Bottom="154" Right="450"/></SpatialLine></Field><Field FieldName="Test"><FullText AverageCharConfidence="99">176 Countrywide Way</FullText><SpatialLine PageNumber="1"><LineText AverageCharConfidence="99">176 Countrywide Way</LineText><SpatialLineZone StartX="220" StartY="171" EndX="420" EndY="173" Height="21"/><SpatialLineBounds Top="160" Left="219" Bottom="183" Right="420"/></SpatialLine></Field><Field FieldName="Test"><FullText AverageCharConfidence="91">MS: LAN-88</FullText><SpatialLine PageNumber="1"><LineText AverageCharConfidence="91">MS: LAN-88</LineText><SpatialLineZone StartX="217" StartY="194" EndX="335" EndY="196" Height="17"/><SpatialLineBounds Top="185" Left="216" Bottom="204" Right="335"/></SpatialLine></Field><Field FieldName="Test"><FullText AverageCharConfidence="95">Lancaster, CA 93535-9944</FullText><SpatialLine PageNumber="1"><LineText AverageCharConfidence="95">Lancaster, CA 93535-9944</LineText><SpatialLineZone StartX="217" StartY="222" EndX="458" EndY="225" Height="21"/><SpatialLineBounds Top="211" Left="216" Bottom="235" Right="458"/></SpatialLine></Field><Field FieldName="Test"><FullText AverageCharConfidence="94">(800) 540-2684</FullText><SpatialLine PageNumber="1"><LineText AverageCharConfidence="94">(800) 540-2684</LineText><SpatialLineZone StartX="217" StartY="247" EndX="358" EndY="249" Height="21"/><SpatialLineBounds Top="236" Left="216" Bottom="259" Right="358"/></SpatialLine></Field><Field FieldName="Test"><FullText AverageCharConfidence="94">DOC 6560 VOL 2332 PG 197</FullText><SpatialLine PageNumber="1"><LineText AverageCharConfidence="94">DOC 6560 VOL 2332 PG 197</LineText><SpatialLineZone StartX="1106" StartY="253" EndX="1483" EndY="257" Height="25"/><SpatialLineBounds Top="240" Left="1105" Bottom="269" Right="1483"/></SpatialLine></Field><Field FieldName="Test"><FullText AverageCharConfidence="98">When Recorded Return To:</FullText><SpatialLine PageNumber="1"><LineText AverageCharConfidence="98">When Recorded Return To:</LineText><SpatialLineZone StartX="215" StartY="297" EndX="460" EndY="300" Height="17"/><SpatialLineBounds Top="288" Left="214" Bottom="308" Right="460"/></SpatialLine></Field><Field FieldName="Test"><FullText AverageCharConfidence="98">M. PAUL PEACOCK, RENEE LYNCH PEACOCK</FullText><SpatialLine PageNumber="1"><LineText AverageCharConfidence="98">M. PAUL PEACOCK, RENEE LYNCH PEACOCK</LineText><SpatialLineZone StartX="215" StartY="324" EndX="685" EndY="330" Height="21"/><SpatialLineBounds Top="313" Left="214" Bottom="340" Right="685"/></SpatialLine></Field><Field FieldName="Test"><FullText AverageCharConfidence="99">3600 APOLLO CT</FullText><SpatialLine PageNumber="1"><LineText AverageCharConfidence="99">3600 APOLLO CT</LineText><SpatialLineZone StartX="216" StartY="349" EndX="387" EndY="351" Height="19"/><SpatialLineBounds Top="339" Left="215" Bottom="360" Right="387"/></SpatialLine></Field><Field FieldName="Test"><FullText AverageCharConfidence="100">MIDLAND, TX 79707</FullText><SpatialLine PageNumber="1"><LineText AverageCharConfidence="100">MIDLAND, TX 79707</LineText><SpatialLineZone StartX="214" StartY="375" EndX="421" EndY="378" Height="19"/><SpatialLineBounds Top="365" Left="213" Bottom="387" Right="421"/></SpatialLine></Field><Field FieldName="Test"><FullText AverageCharConfidence="100">RELEASE OF LIEN</FullText><SpatialLine PageNumber="1"><LineText AverageCharConfidence="100">RELEASE OF LIEN</LineText><SpatialLineZone StartX="709" StartY="457" EndX="1023" EndY="460" Height="17"/><SpatialLineBounds Top="448" Left="708" Bottom="468" Right="1023"/></SpatialLine></Field><Field FieldName="Test"><FullText AverageCharConfidence="97">KNOWN ALL MEN BY THESE PRESENTS that for value received Countrywide Home Loans Inc (fka Countrywide Funding Corporation) of the</FullText><SpatialLine PageNumber="1"><LineText AverageCharConfidence="97">KNOWN ALL MEN BY THESE PRESENTS that for value received Countrywide Home Loans Inc (fka Countrywide Funding Corporation) of the</LineText><SpatialLineZone StartX="214" StartY="542" EndX="1548" EndY="557" Height="25"/><SpatialLineBounds Top="529" Left="213" Bottom="569" Right="1548"/></SpatialLine></Field></FlexData>
