<Attributes><Attribute Name="Test"><Value Spatial="1" AverageCharConfidence="96">Recording Requested By:<Line Spatial="1">Recording Requested By:<RectBounds Top="108" Left="218" Bottom="131" Right="448" PageNumber="1"/><Zone StartX="219" StartY="119" EndX="448" EndY="121" Height="23" PageNumber="1"/></Line></Value></Attribute><Attribute Name="Test"><Value Spatial="1" AverageCharConfidence="93">CTC Real Estate Services<Line Spatial="1">CTC Real Estate Services<RectBounds Top="134" Left="217" Bottom="155" Right="450" PageNumber="1"/><Zone StartX="218" StartY="144" EndX="450" EndY="146" Height="21" PageNumber="1"/></Line></Value></Attribute><Attribute Name="Test"><Value Spatial="1" AverageCharConfidence="99">176 Countrywide Way<Line Spatial="1">176 Countrywide Way<RectBounds Top="161" Left="219" Bottom="184" Right="420" PageNumber="1"/><Zone StartX="220" StartY="172" EndX="420" EndY="174" Height="23" PageNumber="1"/></Line></Value></Attribute><Attribute Name="Test"><Value Spatial="1" AverageCharConfidence="91">MS: LAN-88<Line Spatial="1">MS: LAN-88<RectBounds Top="186" Left="216" Bottom="205" Right="335" PageNumber="1"/><Zone StartX="217" StartY="195" EndX="335" EndY="197" Height="19" PageNumber="1"/></Line></Value></Attribute><Attribute Name="Test"><Value Spatial="1" AverageCharConfidence="95">Lancaster, CA 93535-9944<Line Spatial="1">Lancaster, CA 93535-9944<RectBounds Top="212" Left="216" Bottom="234" Right="458" PageNumber="1"/><Zone StartX="217" StartY="222" EndX="458" EndY="225" Height="21" PageNumber="1"/></Line></Value></Attribute><Attribute Name="Test"><Value Spatial="1" AverageCharConfidence="94">(800) 540-2684<Line Spatial="1">(800) 540-2684<RectBounds Top="237" Left="216" Bottom="260" Right="358" PageNumber="1"/><Zone StartX="217" StartY="248" EndX="358" EndY="250" Height="23" PageNumber="1"/></Line></Value></Attribute><Attribute Name="Test"><Value Spatial="1" AverageCharConfidence="94">DOC 6560 VOL 2332 PG 197<Line Spatial="1">DOC 6560 VOL 2332 PG 197<RectBounds Top="241" Left="1105" Bottom="270" Right="1483" PageNumber="1"/><Zone StartX="1106" StartY="254" EndX="1483" EndY="258" Height="27" PageNumber="1"/></Line></Value></Attribute><Attribute Name="Test"><Value Spatial="1" AverageCharConfidence="98">When Recorded Return To:<Line Spatial="1">When Recorded Return To:<RectBounds Top="289" Left="214" Bottom="309" Right="460" PageNumber="1"/><Zone StartX="215" StartY="298" EndX="460" EndY="301" Height="19" PageNumber="1"/></Line></Value></Attribute><Attribute Name="Test"><Value Spatial="1" AverageCharConfidence="98">M. PAUL PEACOCK, RENEE LYNCH PEACOCK<Line Spatial="1">M. PAUL PEACOCK, RENEE LYNCH PEACOCK<RectBounds Top="314" Left="214" Bottom="339" Right="685" PageNumber="1"/><Zone StartX="215" StartY="324" EndX="685" EndY="330" Height="21" PageNumber="1"/></Line></Value></Attribute><Attribute Name="Test"><Value Spatial="1" AverageCharConfidence="99">3600 APOLLO CT<Line Spatial="1">3600 APOLLO CT<RectBounds Top="340" Left="215" Bottom="359" Right="387" PageNumber="1"/><Zone StartX="216" StartY="349" EndX="387" EndY="351" Height="19" PageNumber="1"/></Line></Value></Attribute><Attribute Name="Test"><Value Spatial="1" AverageCharConfidence="100">MIDLAND, TX 79707<Line Spatial="1">MIDLAND, TX 79707<RectBounds Top="366" Left="213" Bottom="388" Right="421" PageNumber="1"/><Zone StartX="214" StartY="376" EndX="421" EndY="379" Height="21" PageNumber="1"/></Line></Value></Attribute><Attribute Name="Test"><Value Spatial="1" AverageCharConfidence="100">RELEASE OF LIEN<Line Spatial="1">RELEASE OF LIEN<RectBounds Top="449" Left="708" Bottom="469" Right="1023" PageNumber="1"/><Zone StartX="709" StartY="458" EndX="1023" EndY="461" Height="19" PageNumber="1"/></Line></Value></Attribute><Attribute Name="Test"><Value Spatial="1" AverageCharConfidence="97">KNOWN ALL MEN BY THESE PRESENTS that for value received Countrywide Home Loans Inc (fka Countrywide Funding Corporation) of the<Line Spatial="1">KNOWN ALL MEN BY THESE PRESENTS that for value received Countrywide Home Loans Inc (fka Countrywide Funding Corporation) of the<RectBounds Top="530" Left="213" Bottom="568" Right="1548" PageNumber="1"/><Zone StartX="214" StartY="542" EndX="1548" EndY="557" Height="25" PageNumber="1"/></Line></Value></Attribute></Attributes>
