<FlexData><Field FieldName="Test"><FullText>Recording Requested By:</FullText></Field><Field FieldName="Test"><FullText>CTC Real Estate Services</FullText></Field><Field FieldName="Test"><FullText>176 Countrywide Way</FullText></Field><Field FieldName="Test"><FullText>MS: LAN-88</FullText></Field><Field FieldName="Test"><FullText>Lancaster, CA 93535-9944</FullText></Field><Field FieldName="Test"><FullText>(800) 540-2684</FullText></Field><Field FieldName="Test"><FullText>DOC 6560 VOL 2332 PG 197</FullText></Field><Field FieldName="Test"><FullText>When Recorded Return To:</FullText></Field><Field FieldName="Test"><FullText>M. PAUL PEACOCK, RENEE LYNCH PEACOCK</FullText></Field><Field FieldName="Test"><FullText>3600 APOLLO CT</FullText></Field><Field FieldName="Test"><FullText>MIDLAND, TX 79707</FullText></Field><Field FieldName="Test"><FullText>RELEASE OF LIEN</FullText></Field><Field FieldName="Test"><FullText>KNOWN ALL MEN BY THESE PRESENTS that for value received Countrywide Home Loans Inc (fka Countrywide Funding Corporation) of the</FullText></Field></FlexData>
